// Jest Snapshot v1, https://goo.gl/fbAQLP

exports[`matches snapshot 1`] = `
<div
  className="loading_container"
>
  <span
    className="sc-AxjAm jfcyvh"
    data-testid="skeleton__item"
    height="1000px"
    width="100%"
  >
    <h1
      className="pulsate"
    >
      Loading...
    </h1>
  </span>
</div>
`;
